<?xml version="1.0" encoding="UTF-8"?>
<testsuites>
    <testsuite name="basic-navegavility;a-user-can-select-a-nightly-to-be-check" tests="5" failures="0" skipped="0">
        <properties>
            <property name="@ToTest" value="true">
            </property>
            <property name="URI" value="/home/daniel/DEVEL/cucumberStatistics/cucumber-statistics/acceptanceTests/features/navegavility.feature">
            </property>
        </properties>
        <testcase name="Given the database is populated with &quot;one nightly&quot;" classname="basic-navegavility;a-user-can-select-a-nightly-to-be-check" time="0.058724059">
        </testcase>
        <testcase name="And A user is in cucumber statistics" classname="basic-navegavility;a-user-can-select-a-nightly-to-be-check" time="1.269135998">
        </testcase>
        <testcase name="When the nightly &quot;test-nightly&quot; is selected" classname="basic-navegavility;a-user-can-select-a-nightly-to-be-check" time="0.60184778">
        </testcase>
        <testcase name="Then the &quot;Most unstables scenarios&quot; container is displayed" classname="basic-navegavility;a-user-can-select-a-nightly-to-be-check" time="0.042383395">
        </testcase>
        <testcase name="And the &quot;Most time consuming scenarios&quot; container is displayed" classname="basic-navegavility;a-user-can-select-a-nightly-to-be-check" time="0.027746363">
        </testcase>
    </testsuite>
</testsuites>